../Core/Src/ssd1306.c:8:6:WriteMem	32	static
../Core/Src/ssd1306.c:31:6:WriteCommand	16	static
../Core/Src/ssd1306.c:48:9:ssd1306_Init	8	static
../Core/Src/ssd1306.c:96:6:ssd1306_Fill	24	static
../Core/Src/ssd1306.c:106:6:ssd1306_UpdateScreen	16	static
../Core/Src/ssd1306.c:119:6:ssd1306_DrawLogo	16	static
../Core/Src/ssd1306.c:132:6:ssd1306_DrawPixel	16	static
../Core/Src/ssd1306.c:154:6:ssd1306_WriteChar	48	static
../Core/Src/ssd1306.c:185:6:ssd1306_WriteString	24	static
../Core/Src/ssd1306.c:200:6:ssd1306_SetCursor	16	static
